============================================================
AMBIGUITY DETECTION TEST
============================================================

Query: Show me recent orders...
  STATUS: AMBIGUOUS
  Term: 'recent'
  Category: time
  Question:
  What does 'recent' mean to you?
• Orders from the last 7 days?
• Orders from the last 30 days?
• The most recent 10 orders?

Query: Get the latest customers...
  STATUS: AMBIGUOUS
  Term: 'latest'
  Category: time
  Question:
  When you say 'latest', do you mean:
• Most recent 10 records?
• Last 7 days?
• Last 30 days?

Query: Find new products...
  STATUS: AMBIGUOUS
  Term: 'new'
  Category: time
  Question:
  When you say 'new', do you mean:
• Newest 10 records?
• Last 7 days?
• Last 30 days?

Query: Show top 5 customers...
  STATUS: NOT AMBIGUOUS

Query: Conversation context:
Previous: What products do you have?

Current question:
Sh...
  STATUS: AMBIGUOUS
  Term: 'recent'
  Category: time
  Question:
  What does 'recent' mean to you?
• Orders from the last 7 days?
• Orders from the last 30 days?
• The most recent 10 orders?

============================================================